nohup: ignoring input
resume: 19 events already in laps_2025_all.csv
core           INFO 	Loading data for Qatar Grand Prix - Practice 1 [v3.8.3]
req            INFO 	Using cached data for session_info
req            INFO 	Using cached data for driver_info
req            INFO 	Using cached data for session_status_data
req            INFO 	Using cached data for track_status_data
req            INFO 	Using cached data for _extended_timing_data
req            INFO 	Using cached data for timing_app_data
core           INFO 	Processing timing data...
req            INFO 	Using cached data for weather_data
core           INFO 	Finished loading data for 20 drivers: ['1', '4', '5', '6', '10', '12', '14', '16', '18', '22', '23', '27', '30', '31', '43', '44', '55', '63', '81', '87']
  ok USA FP1: 556 laps
  skip USA FP2: ValueError
  skip USA FP3: ValueError
core           INFO 	Loading data for Qatar Grand Prix - Qualifying [v3.8.3]
req            INFO 	Using cached data for session_info
req            INFO 	Using cached data for driver_info
req            INFO 	Using cached data for session_status_data
req            INFO 	Using cached data for track_status_data
req            INFO 	Using cached data for _extended_timing_data
req            INFO 	Using cached data for timing_app_data
core           INFO 	Processing timing data...
req            INFO 	Using cached data for weather_data
core           INFO 	Finished loading data for 20 drivers: ['81', '4', '1', '63', '12', '6', '55', '14', '10', '16', '27', '30', '87', '5', '23', '22', '31', '44', '18', '43']
  ok USA Q: 358 laps
core           INFO 	Loading data for Qatar Grand Prix - Race [v3.8.3]
req            INFO 	Using cached data for session_info
req            INFO 	Using cached data for driver_info
req            INFO 	Using cached data for session_status_data
req            INFO 	Using cached data for lap_count
req            INFO 	Using cached data for track_status_data
req            INFO 	Using cached data for _extended_timing_data
req            INFO 	Using cached data for timing_app_data
core           INFO 	Processing timing data...
req            INFO 	Using cached data for weather_data
core           INFO 	Finished loading data for 20 drivers: ['1', '81', '55', '4', '12', '63', '14', '16', '30', '22', '23', '44', '5', '43', '31', '10', '18', '6', '87', '27']
  ok USA R: 1067 laps
/home/harsha/cleanstint/scripts/download_2025_all.py:38: FutureWarning: The behavior of DataFrame concatenation with empty or all-NA entries is deprecated. In a future version, this will no longer exclude empty or all-NA columns when determining the result dtypes. To retain the old behavior, exclude the relevant entries before the concat operation.
  frames.append(pd.concat(rows, ignore_index=True))
[saved] USA -> total 38974 rows

NEW file events: ['Abu Dhabi', 'Australia', 'Austria', 'Azerbaijan', 'Belgium', 'Brazil', 'Canada', 'China', 'Hungary', 'Japan', 'Las Vegas', 'Mexico', 'Miami', 'Monaco', 'Netherlands', 'Qatar', 'Saudi Arabia', 'Singapore', 'Spain', 'USA']
HIS file events (concat at model time): ['Bahrain', 'Imola', 'Monza', 'Silverstone']
done in 2.4 min
